---
source: tests/integration/schema_snapshots.rs
expression: tool
---
{
  "name": "admin_v2_migration_report",
  "description": "Write/admin: report conservative v2 metadata migration counts using the server-resolved principal; does not rewrite original memory content.",
  "inputSchema": {
    "$schema": "https://json-schema.org/draft/2020-12/schema",
    "title": "AdminV2MigrationReportParams",
    "description": "Parameters for reporting v2 metadata migration state.",
    "type": "object"
  }
}
